// Jest Snapshot v1, https://goo.gl/fbAQLP

exports[`Storyshots Button with text 1`] = `
<button>
  Hello Button
</button>
`;
